'(#,,,#) Int Char Bool Maybe :: (# *, *, *, * -> * #)
= '(# Int, Char, Bool, Maybe #)
'(,,,) Int Char Bool Maybe :: (*, *, *, * -> *)
= '(Int, Char, Bool, Maybe)
