T16029.$WMkT [InlPrag=INLINE[final] CONLIKE] :: Int ^1-> Int ^1-> T
         Tmpl= \ (dt [Occ=Once1!] :: Int) (dt [Occ=Once1!] :: Int) ->
  = \ (dt [Occ=Once1!] :: Int) (dt [Occ=Once1!] :: Int) ->
  :: GHC.Prim.Int# -> GHC.Prim.Int#
  = \ (ww :: GHC.Prim.Int#) ->
g2 [InlPrag=NOUSERINLINE[2]] :: T -> Int -> Int
         Tmpl= \ (w [Occ=Once1!] :: T) (w1 [Occ=Once1!] :: Int) ->
  = \ (w :: T) (w1 :: Int) ->
g1 [InlPrag=NOUSERINLINE[2]] :: S -> Int -> Int
         Tmpl= \ (w [Occ=Once1!] :: S) (w1 [Occ=Once1!] :: Int) ->
  = \ (w :: S) (w1 :: Int) ->
