hasfieldrun01: No match in record selector partial
